2026-06-01 11:55:11,388 | ERROR | __main__ | Fatal error while running bot
Traceback (most recent call last):
  File "/media/icarus112/SharedUbuntuWin/python/projects/VisitAI/.venv/lib/python3.12/site-packages/aiohttp/connector.py", line 1574, in _create_direct_connection
    hosts = await self._resolve_host(host, port, traces=traces)
            ^^^^^^^^^^^^^^^^^^^^^^^^^^^^^^^^^^^^^^^^^^^^^^^^^^^
  File "/media/icarus112/SharedUbuntuWin/python/projects/VisitAI/.venv/lib/python3.12/site-packages/aiohttp/connector.py", line 1190, in _resolve_host
    return await asyncio.shield(resolved_host_task)
           ^^^^^^^^^^^^^^^^^^^^^^^^^^^^^^^^^^^^^^^^
  File "/media/icarus112/SharedUbuntuWin/python/projects/VisitAI/.venv/lib/python3.12/site-packages/aiohttp/connector.py", line 1221, in _resolve_host_with_throttle
    addrs = await self._resolver.resolve(host, port, family=self._family)
            ^^^^^^^^^^^^^^^^^^^^^^^^^^^^^^^^^^^^^^^^^^^^^^^^^^^^^^^^^^^^^
  File "/media/icarus112/SharedUbuntuWin/python/projects/VisitAI/.venv/lib/python3.12/site-packages/aiohttp/resolver.py", line 40, in resolve
    infos = await self._loop.getaddrinfo(
            ^^^^^^^^^^^^^^^^^^^^^^^^^^^^^
  File "/usr/lib/python3.12/asyncio/base_events.py", line 901, in getaddrinfo
    return await self.run_in_executor(
           ^^^^^^^^^^^^^^^^^^^^^^^^^^^
  File "/usr/lib/python3.12/concurrent/futures/thread.py", line 58, in run
    result = self.fn(*self.args, **self.kwargs)
             ^^^^^^^^^^^^^^^^^^^^^^^^^^^^^^^^^^
  File "/usr/lib/python3.12/socket.py", line 963, in getaddrinfo
    for res in _socket.getaddrinfo(host, port, family, type, proto, flags):
               ^^^^^^^^^^^^^^^^^^^^^^^^^^^^^^^^^^^^^^^^^^^^^^^^^^^^^^^^^^^
socket.gaierror: [Errno -5] No address associated with hostname

The above exception was the direct cause of the following exception:

Traceback (most recent call last):
  File "/media/icarus112/SharedUbuntuWin/python/projects/VisitAI/.venv/lib/python3.12/site-packages/aiogram/client/session/aiohttp.py", line 167, in make_request
    async with session.post(
  File "/media/icarus112/SharedUbuntuWin/python/projects/VisitAI/.venv/lib/python3.12/site-packages/aiohttp/client.py", line 1521, in __aenter__
    self._resp: _RetType = await self._coro
                           ^^^^^^^^^^^^^^^^
  File "/media/icarus112/SharedUbuntuWin/python/projects/VisitAI/.venv/lib/python3.12/site-packages/aiohttp/client.py", line 788, in _request
    resp = await handler(req)
           ^^^^^^^^^^^^^^^^^^
  File "/media/icarus112/SharedUbuntuWin/python/projects/VisitAI/.venv/lib/python3.12/site-packages/aiohttp/client.py", line 742, in _connect_and_send_request
    conn = await self._connector.connect(
           ^^^^^^^^^^^^^^^^^^^^^^^^^^^^^^
  File "/media/icarus112/SharedUbuntuWin/python/projects/VisitAI/.venv/lib/python3.12/site-packages/aiohttp/connector.py", line 672, in connect
    proto = await self._create_connection(req, traces, timeout)
            ^^^^^^^^^^^^^^^^^^^^^^^^^^^^^^^^^^^^^^^^^^^^^^^^^^^
  File "/media/icarus112/SharedUbuntuWin/python/projects/VisitAI/.venv/lib/python3.12/site-packages/aiohttp/connector.py", line 1251, in _create_connection
    _, proto = await self._create_direct_connection(req, traces, timeout)
               ^^^^^^^^^^^^^^^^^^^^^^^^^^^^^^^^^^^^^^^^^^^^^^^^^^^^^^^^^^
  File "/media/icarus112/SharedUbuntuWin/python/projects/VisitAI/.venv/lib/python3.12/site-packages/aiohttp/connector.py", line 1580, in _create_direct_connection
    raise ClientConnectorDNSError(req.connection_key, exc) from exc
aiohttp.client_exceptions.ClientConnectorDNSError: Cannot connect to host api.telegram.org:443 ssl:default [No address associated with hostname]

The above exception was the direct cause of the following exception:

Traceback (most recent call last):
  File "/media/icarus112/SharedUbuntuWin/python/projects/VisitAI/main.py", line 46, in <module>
    asyncio.run(main())
  File "/usr/lib/python3.12/asyncio/runners.py", line 194, in run
    return runner.run(main)
           ^^^^^^^^^^^^^^^^
  File "/usr/lib/python3.12/asyncio/runners.py", line 118, in run
    return self._loop.run_until_complete(task)
           ^^^^^^^^^^^^^^^^^^^^^^^^^^^^^^^^^^^
  File "/usr/lib/python3.12/asyncio/base_events.py", line 687, in run_until_complete
    return future.result()
           ^^^^^^^^^^^^^^^
  File "/media/icarus112/SharedUbuntuWin/python/projects/VisitAI/main.py", line 41, in main
    await bot.delete_webhook(drop_pending_updates=True)
  File "/media/icarus112/SharedUbuntuWin/python/projects/VisitAI/.venv/lib/python3.12/site-packages/aiogram/client/bot.py", line 1255, in delete_webhook
    return await self(call, request_timeout=request_timeout)
           ^^^^^^^^^^^^^^^^^^^^^^^^^^^^^^^^^^^^^^^^^^^^^^^^^
  File "/media/icarus112/SharedUbuntuWin/python/projects/VisitAI/.venv/lib/python3.12/site-packages/aiogram/client/bot.py", line 493, in __call__
    return await self.session(self, method, timeout=request_timeout)
           ^^^^^^^^^^^^^^^^^^^^^^^^^^^^^^^^^^^^^^^^^^^^^^^^^^^^^^^^^
  File "/media/icarus112/SharedUbuntuWin/python/projects/VisitAI/.venv/lib/python3.12/site-packages/aiogram/client/session/base.py", line 259, in __call__
    return cast(TelegramType, await middleware(bot, method))
                              ^^^^^^^^^^^^^^^^^^^^^^^^^^^^^
  File "/media/icarus112/SharedUbuntuWin/python/projects/VisitAI/.venv/lib/python3.12/site-packages/aiogram/client/session/aiohttp.py", line 176, in make_request
    raise TelegramNetworkError(method=method, message=f"{type(e).__name__}: {e}") from e
aiogram.exceptions.TelegramNetworkError: HTTP Client says - ClientConnectorDNSError: Cannot connect to host api.telegram.org:443 ssl:default [No address associated with hostname]
2026-06-01 11:55:11,517 | ERROR | asyncio | Unclosed client session
client_session: <aiohttp.client.ClientSession object at 0x76f7a0cd8a40>
2026-06-01 16:32:22,731 | ERROR | asyncio | Unclosed client session
client_session: <aiohttp.client.ClientSession object at 0x7b3b813a5400>
2026-06-01 16:32:32,930 | ERROR | __main__ | Fatal error while running bot
Traceback (most recent call last):
  File "/media/icarus112/SharedUbuntuWin/python/projects/VisitAI/.venv/lib/python3.12/site-packages/aiohttp/connector.py", line 1325, in _wrap_create_connection
    return await self._loop.create_connection(*args, **kwargs, sock=sock)
           ^^^^^^^^^^^^^^^^^^^^^^^^^^^^^^^^^^^^^^^^^^^^^^^^^^^^^^^^^^^^^^
  File "/usr/lib/python3.12/asyncio/base_events.py", line 1149, in create_connection
    transport, protocol = await self._create_connection_transport(
                          ^^^^^^^^^^^^^^^^^^^^^^^^^^^^^^^^^^^^^^^^
  File "/usr/lib/python3.12/asyncio/base_events.py", line 1182, in _create_connection_transport
    await waiter
  File "/usr/lib/python3.12/asyncio/sslproto.py", line 578, in _on_handshake_complete
    raise handshake_exc
ConnectionResetError

The above exception was the direct cause of the following exception:

Traceback (most recent call last):
  File "/media/icarus112/SharedUbuntuWin/python/projects/VisitAI/.venv/lib/python3.12/site-packages/aiogram/client/session/aiohttp.py", line 167, in make_request
    async with session.post(
  File "/media/icarus112/SharedUbuntuWin/python/projects/VisitAI/.venv/lib/python3.12/site-packages/aiohttp/client.py", line 1521, in __aenter__
    self._resp: _RetType = await self._coro
                           ^^^^^^^^^^^^^^^^
  File "/media/icarus112/SharedUbuntuWin/python/projects/VisitAI/.venv/lib/python3.12/site-packages/aiohttp/client.py", line 788, in _request
    resp = await handler(req)
           ^^^^^^^^^^^^^^^^^^
  File "/media/icarus112/SharedUbuntuWin/python/projects/VisitAI/.venv/lib/python3.12/site-packages/aiohttp/client.py", line 742, in _connect_and_send_request
    conn = await self._connector.connect(
           ^^^^^^^^^^^^^^^^^^^^^^^^^^^^^^
  File "/media/icarus112/SharedUbuntuWin/python/projects/VisitAI/.venv/lib/python3.12/site-packages/aiohttp/connector.py", line 672, in connect
    proto = await self._create_connection(req, traces, timeout)
            ^^^^^^^^^^^^^^^^^^^^^^^^^^^^^^^^^^^^^^^^^^^^^^^^^^^
  File "/media/icarus112/SharedUbuntuWin/python/projects/VisitAI/.venv/lib/python3.12/site-packages/aiohttp/connector.py", line 1251, in _create_connection
    _, proto = await self._create_direct_connection(req, traces, timeout)
               ^^^^^^^^^^^^^^^^^^^^^^^^^^^^^^^^^^^^^^^^^^^^^^^^^^^^^^^^^^
  File "/media/icarus112/SharedUbuntuWin/python/projects/VisitAI/.venv/lib/python3.12/site-packages/aiohttp/connector.py", line 1623, in _create_direct_connection
    raise last_exc
  File "/media/icarus112/SharedUbuntuWin/python/projects/VisitAI/.venv/lib/python3.12/site-packages/aiohttp/connector.py", line 1592, in _create_direct_connection
    transp, proto = await self._wrap_create_connection(
                    ^^^^^^^^^^^^^^^^^^^^^^^^^^^^^^^^^^^
  File "/media/icarus112/SharedUbuntuWin/python/projects/VisitAI/.venv/lib/python3.12/site-packages/aiohttp/connector.py", line 1333, in _wrap_create_connection
    raise client_error(req.connection_key, exc) from exc
aiohttp.client_exceptions.ClientConnectorError: Cannot connect to host api.telegram.org:443 ssl:default [None]

The above exception was the direct cause of the following exception:

Traceback (most recent call last):
  File "/media/icarus112/SharedUbuntuWin/python/projects/VisitAI/main.py", line 46, in <module>
    asyncio.run(main())
  File "/usr/lib/python3.12/asyncio/runners.py", line 194, in run
    return runner.run(main)
           ^^^^^^^^^^^^^^^^
  File "/usr/lib/python3.12/asyncio/runners.py", line 118, in run
    return self._loop.run_until_complete(task)
           ^^^^^^^^^^^^^^^^^^^^^^^^^^^^^^^^^^^
  File "/usr/lib/python3.12/asyncio/base_events.py", line 687, in run_until_complete
    return future.result()
           ^^^^^^^^^^^^^^^
  File "/media/icarus112/SharedUbuntuWin/python/projects/VisitAI/main.py", line 41, in main
    await bot.delete_webhook(drop_pending_updates=True)
  File "/media/icarus112/SharedUbuntuWin/python/projects/VisitAI/.venv/lib/python3.12/site-packages/aiogram/client/bot.py", line 1255, in delete_webhook
    return await self(call, request_timeout=request_timeout)
           ^^^^^^^^^^^^^^^^^^^^^^^^^^^^^^^^^^^^^^^^^^^^^^^^^
  File "/media/icarus112/SharedUbuntuWin/python/projects/VisitAI/.venv/lib/python3.12/site-packages/aiogram/client/bot.py", line 493, in __call__
    return await self.session(self, method, timeout=request_timeout)
           ^^^^^^^^^^^^^^^^^^^^^^^^^^^^^^^^^^^^^^^^^^^^^^^^^^^^^^^^^
  File "/media/icarus112/SharedUbuntuWin/python/projects/VisitAI/.venv/lib/python3.12/site-packages/aiogram/client/session/base.py", line 259, in __call__
    return cast(TelegramType, await middleware(bot, method))
                              ^^^^^^^^^^^^^^^^^^^^^^^^^^^^^
  File "/media/icarus112/SharedUbuntuWin/python/projects/VisitAI/.venv/lib/python3.12/site-packages/aiogram/client/session/aiohttp.py", line 176, in make_request
    raise TelegramNetworkError(method=method, message=f"{type(e).__name__}: {e}") from e
aiogram.exceptions.TelegramNetworkError: HTTP Client says - ClientConnectorError: Cannot connect to host api.telegram.org:443 ssl:default [None]
2026-06-01 16:32:33,170 | ERROR | asyncio | Unclosed client session
client_session: <aiohttp.client.ClientSession object at 0x7675c7823a10>
2026-06-01 16:33:23,999 | ERROR | asyncio | Unclosed client session
client_session: <aiohttp.client.ClientSession object at 0x792c605a5400>
2026-06-01 16:34:06,729 | ERROR | asyncio | Unclosed client session
client_session: <aiohttp.client.ClientSession object at 0x78a4bc347e00>
2026-06-01 16:34:57,082 | ERROR | __main__ | Fatal error while running bot
Traceback (most recent call last):
  File "/media/icarus112/SharedUbuntuWin/python/projects/VisitAI/.venv/lib/python3.12/site-packages/aiohttp/connector.py", line 1310, in _wrap_create_connection
    sock = await aiohappyeyeballs.start_connection(
           ^^^^^^^^^^^^^^^^^^^^^^^^^^^^^^^^^^^^^^^^
  File "/media/icarus112/SharedUbuntuWin/python/projects/VisitAI/.venv/lib/python3.12/site-packages/aiohappyeyeballs/impl.py", line 122, in start_connection
    raise first_exception
  File "/media/icarus112/SharedUbuntuWin/python/projects/VisitAI/.venv/lib/python3.12/site-packages/aiohappyeyeballs/impl.py", line 73, in start_connection
    sock = await _connect_sock(
           ^^^^^^^^^^^^^^^^^^^^
  File "/media/icarus112/SharedUbuntuWin/python/projects/VisitAI/.venv/lib/python3.12/site-packages/aiohappyeyeballs/impl.py", line 208, in _connect_sock
    await loop.sock_connect(sock, address)
  File "/usr/lib/python3.12/asyncio/selector_events.py", line 651, in sock_connect
    return await fut
           ^^^^^^^^^
  File "/usr/lib/python3.12/asyncio/selector_events.py", line 659, in _sock_connect
    sock.connect(address)
OSError: [Errno 101] Network is unreachable

The above exception was the direct cause of the following exception:

Traceback (most recent call last):
  File "/media/icarus112/SharedUbuntuWin/python/projects/VisitAI/.venv/lib/python3.12/site-packages/aiogram/client/session/aiohttp.py", line 167, in make_request
    async with session.post(
  File "/media/icarus112/SharedUbuntuWin/python/projects/VisitAI/.venv/lib/python3.12/site-packages/aiohttp/client.py", line 1521, in __aenter__
    self._resp: _RetType = await self._coro
                           ^^^^^^^^^^^^^^^^
  File "/media/icarus112/SharedUbuntuWin/python/projects/VisitAI/.venv/lib/python3.12/site-packages/aiohttp/client.py", line 788, in _request
    resp = await handler(req)
           ^^^^^^^^^^^^^^^^^^
  File "/media/icarus112/SharedUbuntuWin/python/projects/VisitAI/.venv/lib/python3.12/site-packages/aiohttp/client.py", line 742, in _connect_and_send_request
    conn = await self._connector.connect(
           ^^^^^^^^^^^^^^^^^^^^^^^^^^^^^^
  File "/media/icarus112/SharedUbuntuWin/python/projects/VisitAI/.venv/lib/python3.12/site-packages/aiohttp/connector.py", line 672, in connect
    proto = await self._create_connection(req, traces, timeout)
            ^^^^^^^^^^^^^^^^^^^^^^^^^^^^^^^^^^^^^^^^^^^^^^^^^^^
  File "/media/icarus112/SharedUbuntuWin/python/projects/VisitAI/.venv/lib/python3.12/site-packages/aiohttp/connector.py", line 1251, in _create_connection
    _, proto = await self._create_direct_connection(req, traces, timeout)
               ^^^^^^^^^^^^^^^^^^^^^^^^^^^^^^^^^^^^^^^^^^^^^^^^^^^^^^^^^^
  File "/media/icarus112/SharedUbuntuWin/python/projects/VisitAI/.venv/lib/python3.12/site-packages/aiohttp/connector.py", line 1623, in _create_direct_connection
    raise last_exc
  File "/media/icarus112/SharedUbuntuWin/python/projects/VisitAI/.venv/lib/python3.12/site-packages/aiohttp/connector.py", line 1592, in _create_direct_connection
    transp, proto = await self._wrap_create_connection(
                    ^^^^^^^^^^^^^^^^^^^^^^^^^^^^^^^^^^^
  File "/media/icarus112/SharedUbuntuWin/python/projects/VisitAI/.venv/lib/python3.12/site-packages/aiohttp/connector.py", line 1333, in _wrap_create_connection
    raise client_error(req.connection_key, exc) from exc
aiohttp.client_exceptions.ClientConnectorError: Cannot connect to host api.telegram.org:443 ssl:default [Network is unreachable]

The above exception was the direct cause of the following exception:

Traceback (most recent call last):
  File "/media/icarus112/SharedUbuntuWin/python/projects/VisitAI/main.py", line 46, in <module>
    asyncio.run(main())
  File "/usr/lib/python3.12/asyncio/runners.py", line 194, in run
    return runner.run(main)
           ^^^^^^^^^^^^^^^^
  File "/usr/lib/python3.12/asyncio/runners.py", line 118, in run
    return self._loop.run_until_complete(task)
           ^^^^^^^^^^^^^^^^^^^^^^^^^^^^^^^^^^^
  File "/usr/lib/python3.12/asyncio/base_events.py", line 687, in run_until_complete
    return future.result()
           ^^^^^^^^^^^^^^^
  File "/media/icarus112/SharedUbuntuWin/python/projects/VisitAI/main.py", line 37, in main
    await bot.delete_webhook(drop_pending_updates=True)
  File "/media/icarus112/SharedUbuntuWin/python/projects/VisitAI/.venv/lib/python3.12/site-packages/aiogram/client/bot.py", line 1255, in delete_webhook
    return await self(call, request_timeout=request_timeout)
           ^^^^^^^^^^^^^^^^^^^^^^^^^^^^^^^^^^^^^^^^^^^^^^^^^
  File "/media/icarus112/SharedUbuntuWin/python/projects/VisitAI/.venv/lib/python3.12/site-packages/aiogram/client/bot.py", line 493, in __call__
    return await self.session(self, method, timeout=request_timeout)
           ^^^^^^^^^^^^^^^^^^^^^^^^^^^^^^^^^^^^^^^^^^^^^^^^^^^^^^^^^
  File "/media/icarus112/SharedUbuntuWin/python/projects/VisitAI/.venv/lib/python3.12/site-packages/aiogram/client/session/base.py", line 259, in __call__
    return cast(TelegramType, await middleware(bot, method))
                              ^^^^^^^^^^^^^^^^^^^^^^^^^^^^^
  File "/media/icarus112/SharedUbuntuWin/python/projects/VisitAI/.venv/lib/python3.12/site-packages/aiogram/client/session/aiohttp.py", line 176, in make_request
    raise TelegramNetworkError(method=method, message=f"{type(e).__name__}: {e}") from e
aiogram.exceptions.TelegramNetworkError: HTTP Client says - ClientConnectorError: Cannot connect to host api.telegram.org:443 ssl:default [Network is unreachable]
2026-06-01 16:34:57,242 | ERROR | asyncio | Unclosed client session
client_session: <aiohttp.client.ClientSession object at 0x792065ee7e30>
2026-06-01 16:37:31,348 | ERROR | aiogram.event | Cause exception while process update id=78298603 by bot id=8635000285
TelegramNetworkError: HTTP Client says - ClientConnectorError: Cannot connect to host api.telegram.org:443 ssl:default [None]
Traceback (most recent call last):
  File "/media/icarus112/SharedUbuntuWin/python/projects/VisitAI/.venv/lib/python3.12/site-packages/aiohttp/connector.py", line 1325, in _wrap_create_connection
    return await self._loop.create_connection(*args, **kwargs, sock=sock)
           ^^^^^^^^^^^^^^^^^^^^^^^^^^^^^^^^^^^^^^^^^^^^^^^^^^^^^^^^^^^^^^
  File "/usr/lib/python3.12/asyncio/base_events.py", line 1149, in create_connection
    transport, protocol = await self._create_connection_transport(
                          ^^^^^^^^^^^^^^^^^^^^^^^^^^^^^^^^^^^^^^^^
  File "/usr/lib/python3.12/asyncio/base_events.py", line 1182, in _create_connection_transport
    await waiter
ConnectionAbortedError: SSL handshake is taking longer than 60.0 seconds: aborting the connection

The above exception was the direct cause of the following exception:

Traceback (most recent call last):
  File "/media/icarus112/SharedUbuntuWin/python/projects/VisitAI/.venv/lib/python3.12/site-packages/aiogram/client/session/aiohttp.py", line 167, in make_request
    async with session.post(
  File "/media/icarus112/SharedUbuntuWin/python/projects/VisitAI/.venv/lib/python3.12/site-packages/aiohttp/client.py", line 1521, in __aenter__
    self._resp: _RetType = await self._coro
                           ^^^^^^^^^^^^^^^^
  File "/media/icarus112/SharedUbuntuWin/python/projects/VisitAI/.venv/lib/python3.12/site-packages/aiohttp/client.py", line 788, in _request
    resp = await handler(req)
           ^^^^^^^^^^^^^^^^^^
  File "/media/icarus112/SharedUbuntuWin/python/projects/VisitAI/.venv/lib/python3.12/site-packages/aiohttp/client.py", line 742, in _connect_and_send_request
    conn = await self._connector.connect(
           ^^^^^^^^^^^^^^^^^^^^^^^^^^^^^^
  File "/media/icarus112/SharedUbuntuWin/python/projects/VisitAI/.venv/lib/python3.12/site-packages/aiohttp/connector.py", line 672, in connect
    proto = await self._create_connection(req, traces, timeout)
            ^^^^^^^^^^^^^^^^^^^^^^^^^^^^^^^^^^^^^^^^^^^^^^^^^^^
  File "/media/icarus112/SharedUbuntuWin/python/projects/VisitAI/.venv/lib/python3.12/site-packages/aiohttp/connector.py", line 1251, in _create_connection
    _, proto = await self._create_direct_connection(req, traces, timeout)
               ^^^^^^^^^^^^^^^^^^^^^^^^^^^^^^^^^^^^^^^^^^^^^^^^^^^^^^^^^^
  File "/media/icarus112/SharedUbuntuWin/python/projects/VisitAI/.venv/lib/python3.12/site-packages/aiohttp/connector.py", line 1623, in _create_direct_connection
    raise last_exc
  File "/media/icarus112/SharedUbuntuWin/python/projects/VisitAI/.venv/lib/python3.12/site-packages/aiohttp/connector.py", line 1592, in _create_direct_connection
    transp, proto = await self._wrap_create_connection(
                    ^^^^^^^^^^^^^^^^^^^^^^^^^^^^^^^^^^^
  File "/media/icarus112/SharedUbuntuWin/python/projects/VisitAI/.venv/lib/python3.12/site-packages/aiohttp/connector.py", line 1333, in _wrap_create_connection
    raise client_error(req.connection_key, exc) from exc
aiohttp.client_exceptions.ClientConnectorError: Cannot connect to host api.telegram.org:443 ssl:default [None]

The above exception was the direct cause of the following exception:

Traceback (most recent call last):
  File "/media/icarus112/SharedUbuntuWin/python/projects/VisitAI/.venv/lib/python3.12/site-packages/aiogram/dispatcher/dispatcher.py", line 320, in _process_update
    response = await self.feed_update(bot, update, **kwargs)
               ^^^^^^^^^^^^^^^^^^^^^^^^^^^^^^^^^^^^^^^^^^^^^
  File "/media/icarus112/SharedUbuntuWin/python/projects/VisitAI/.venv/lib/python3.12/site-packages/aiogram/dispatcher/dispatcher.py", line 164, in feed_update
    response = await self.update.wrap_outer_middleware(
               ^^^^^^^^^^^^^^^^^^^^^^^^^^^^^^^^^^^^^^^^
  File "/media/icarus112/SharedUbuntuWin/python/projects/VisitAI/.venv/lib/python3.12/site-packages/aiogram/dispatcher/middlewares/error.py", line 27, in __call__
    return await handler(event, data)
           ^^^^^^^^^^^^^^^^^^^^^^^^^^
  File "/media/icarus112/SharedUbuntuWin/python/projects/VisitAI/.venv/lib/python3.12/site-packages/aiogram/dispatcher/middlewares/user_context.py", line 58, in __call__
    return await handler(event, data)
           ^^^^^^^^^^^^^^^^^^^^^^^^^^
  File "/media/icarus112/SharedUbuntuWin/python/projects/VisitAI/.venv/lib/python3.12/site-packages/aiogram/fsm/middleware.py", line 43, in __call__
    return await handler(event, data)
           ^^^^^^^^^^^^^^^^^^^^^^^^^^
  File "/media/icarus112/SharedUbuntuWin/python/projects/VisitAI/.venv/lib/python3.12/site-packages/aiogram/dispatcher/event/telegram.py", line 126, in trigger
    return await wrapped_inner(event, kwargs)
           ^^^^^^^^^^^^^^^^^^^^^^^^^^^^^^^^^^
  File "/media/icarus112/SharedUbuntuWin/python/projects/VisitAI/.venv/lib/python3.12/site-packages/aiogram/dispatcher/event/handler.py", line 71, in call
    return await wrapped()
           ^^^^^^^^^^^^^^^
  File "/media/icarus112/SharedUbuntuWin/python/projects/VisitAI/.venv/lib/python3.12/site-packages/aiogram/dispatcher/dispatcher.py", line 283, in _listen_update
    return await self.propagate_event(update_type=update_type, event=event, **kwargs)
           ^^^^^^^^^^^^^^^^^^^^^^^^^^^^^^^^^^^^^^^^^^^^^^^^^^^^^^^^^^^^^^^^^^^^^^^^^^
  File "/media/icarus112/SharedUbuntuWin/python/projects/VisitAI/.venv/lib/python3.12/site-packages/aiogram/dispatcher/router.py", line 163, in propagate_event
    return await observer.wrap_outer_middleware(_wrapped, event=event, data=kwargs)
           ^^^^^^^^^^^^^^^^^^^^^^^^^^^^^^^^^^^^^^^^^^^^^^^^^^^^^^^^^^^^^^^^^^^^^^^^
  File "/media/icarus112/SharedUbuntuWin/python/projects/VisitAI/app/core/middlewares.py", line 44, in __call__
    result = await handler(event, data)
             ^^^^^^^^^^^^^^^^^^^^^^^^^^
  File "/media/icarus112/SharedUbuntuWin/python/projects/VisitAI/.venv/lib/python3.12/site-packages/aiogram/dispatcher/router.py", line 155, in _wrapped
    return await self._propagate_event(
           ^^^^^^^^^^^^^^^^^^^^^^^^^^^^
  File "/media/icarus112/SharedUbuntuWin/python/projects/VisitAI/.venv/lib/python3.12/site-packages/aiogram/dispatcher/router.py", line 191, in _propagate_event
    response = await router.propagate_event(update_type=update_type, event=event, **kwargs)
               ^^^^^^^^^^^^^^^^^^^^^^^^^^^^^^^^^^^^^^^^^^^^^^^^^^^^^^^^^^^^^^^^^^^^^^^^^^^^
  File "/media/icarus112/SharedUbuntuWin/python/projects/VisitAI/.venv/lib/python3.12/site-packages/aiogram/dispatcher/router.py", line 163, in propagate_event
    return await observer.wrap_outer_middleware(_wrapped, event=event, data=kwargs)
           ^^^^^^^^^^^^^^^^^^^^^^^^^^^^^^^^^^^^^^^^^^^^^^^^^^^^^^^^^^^^^^^^^^^^^^^^
  File "/media/icarus112/SharedUbuntuWin/python/projects/VisitAI/.venv/lib/python3.12/site-packages/aiogram/dispatcher/router.py", line 155, in _wrapped
    return await self._propagate_event(
           ^^^^^^^^^^^^^^^^^^^^^^^^^^^^
  File "/media/icarus112/SharedUbuntuWin/python/projects/VisitAI/.venv/lib/python3.12/site-packages/aiogram/dispatcher/router.py", line 191, in _propagate_event
    response = await router.propagate_event(update_type=update_type, event=event, **kwargs)
               ^^^^^^^^^^^^^^^^^^^^^^^^^^^^^^^^^^^^^^^^^^^^^^^^^^^^^^^^^^^^^^^^^^^^^^^^^^^^
  File "/media/icarus112/SharedUbuntuWin/python/projects/VisitAI/.venv/lib/python3.12/site-packages/aiogram/dispatcher/router.py", line 163, in propagate_event
    return await observer.wrap_outer_middleware(_wrapped, event=event, data=kwargs)
           ^^^^^^^^^^^^^^^^^^^^^^^^^^^^^^^^^^^^^^^^^^^^^^^^^^^^^^^^^^^^^^^^^^^^^^^^
  File "/media/icarus112/SharedUbuntuWin/python/projects/VisitAI/.venv/lib/python3.12/site-packages/aiogram/dispatcher/router.py", line 155, in _wrapped
    return await self._propagate_event(
           ^^^^^^^^^^^^^^^^^^^^^^^^^^^^
  File "/media/icarus112/SharedUbuntuWin/python/projects/VisitAI/.venv/lib/python3.12/site-packages/aiogram/dispatcher/router.py", line 183, in _propagate_event
    response = await observer.trigger(event, **kwargs)
               ^^^^^^^^^^^^^^^^^^^^^^^^^^^^^^^^^^^^^^^
  File "/media/icarus112/SharedUbuntuWin/python/projects/VisitAI/.venv/lib/python3.12/site-packages/aiogram/dispatcher/event/telegram.py", line 126, in trigger
    return await wrapped_inner(event, kwargs)
           ^^^^^^^^^^^^^^^^^^^^^^^^^^^^^^^^^^
  File "/media/icarus112/SharedUbuntuWin/python/projects/VisitAI/.venv/lib/python3.12/site-packages/aiogram/dispatcher/event/handler.py", line 71, in call
    return await wrapped()
           ^^^^^^^^^^^^^^^
  File "/media/icarus112/SharedUbuntuWin/python/projects/VisitAI/app/handlers/start.py", line 16, in start_handler
    await message.answer(
  File "/media/icarus112/SharedUbuntuWin/python/projects/VisitAI/.venv/lib/python3.12/site-packages/aiogram/methods/base.py", line 82, in emit
    return await bot(self)
           ^^^^^^^^^^^^^^^
  File "/media/icarus112/SharedUbuntuWin/python/projects/VisitAI/.venv/lib/python3.12/site-packages/aiogram/client/bot.py", line 493, in __call__
    return await self.session(self, method, timeout=request_timeout)
           ^^^^^^^^^^^^^^^^^^^^^^^^^^^^^^^^^^^^^^^^^^^^^^^^^^^^^^^^^
  File "/media/icarus112/SharedUbuntuWin/python/projects/VisitAI/.venv/lib/python3.12/site-packages/aiogram/client/session/base.py", line 259, in __call__
    return cast(TelegramType, await middleware(bot, method))
                              ^^^^^^^^^^^^^^^^^^^^^^^^^^^^^
  File "/media/icarus112/SharedUbuntuWin/python/projects/VisitAI/.venv/lib/python3.12/site-packages/aiogram/client/session/aiohttp.py", line 176, in make_request
    raise TelegramNetworkError(method=method, message=f"{type(e).__name__}: {e}") from e
aiogram.exceptions.TelegramNetworkError: HTTP Client says - ClientConnectorError: Cannot connect to host api.telegram.org:443 ssl:default [None]
